"GET /api/health/ HTTP/1.1" 200 77
"GET /api/health/ HTTP/1.1" 200 77
"GET /api/health/ HTTP/1.1" 200 77
"OPTIONS /api/auth/login/ HTTP/1.1" 200 0
"POST /api/auth/login/ HTTP/1.1" 200 489
"OPTIONS /api/auth/me/ HTTP/1.1" 200 0
"GET /api/auth/me/ HTTP/1.1" 200 105
"OPTIONS /api/subjects/ HTTP/1.1" 200 0
"OPTIONS /api/question-packages/ HTTP/1.1" 200 0
"GET /api/subjects/ HTTP/1.1" 200 171
"GET /api/question-packages/ HTTP/1.1" 200 995
"OPTIONS /api/health/ HTTP/1.1" 200 0
"GET /api/health/ HTTP/1.1" 200 77
"OPTIONS /api/question-packages/SUP-2026-PRACTICE/download/ HTTP/1.1" 200 0
"GET /api/question-packages/SUP-2026-PRACTICE/download/ HTTP/1.1" 200 496461
"GET /api/health/ HTTP/1.1" 200 77
"GET /api/subjects/ HTTP/1.1" 200 171
"GET /api/question-packages/ HTTP/1.1" 200 995
"GET /api/health/ HTTP/1.1" 200 77
"GET /api/health/ HTTP/1.1" 200 77
"GET /api/subjects/ HTTP/1.1" 200 171
"GET /api/question-packages/ HTTP/1.1" 200 995
"GET /api/health/ HTTP/1.1" 200 77
"OPTIONS /api/sync/ HTTP/1.1" 200 0
"POST /api/sync/ HTTP/1.1" 200 127
"GET /api/health/ HTTP/1.1" 200 77
"GET /api/subjects/ HTTP/1.1" 200 171
"GET /api/question-packages/ HTTP/1.1" 200 995
"GET /api/health/ HTTP/1.1" 200 77
